../Core/Src/PortController.c:25:6:Port_ResetCPU	16	static
../Core/Src/PortController.c:39:6:Port_ProgramCPU	16	static
../Core/Src/PortController.c:51:6:Port_OnStep	16	static
../Core/Src/PortController.c:64:6:Port_Write	32	static
../Core/Src/PortController.c:75:6:Port_init	8	static
../Core/Src/PortController.c:85:6:Port_Read	32	static
../Core/Src/PortController.c:96:6:Port_Set	8	static
../Core/Src/PortController.c:102:6:Port_Reset	8	static
../Core/Src/PortController.c:109:6:Port_AsOutput	24	static
../Core/Src/PortController.c:120:6:Port_AsInput	24	static
../Core/Src/PortController.c:130:13:set_address	32	static
