../Core/Src/PortController.c:25:6:Port_ResetCPU	16	static
../Core/Src/PortController.c:39:6:Port_ProgramCPU	8	static
../Core/Src/PortController.c:46:6:Port_RunCPU	8	static
../Core/Src/PortController.c:53:6:Port_OnStep	8	static
../Core/Src/PortController.c:60:6:Port_Write	32	static
../Core/Src/PortController.c:71:6:Port_init	8	static
../Core/Src/PortController.c:81:6:Port_Read	32	static
../Core/Src/PortController.c:92:6:Port_Set	8	static
../Core/Src/PortController.c:98:6:Port_Reset	8	static
../Core/Src/PortController.c:105:6:Port_AsOutput	24	static
../Core/Src/PortController.c:116:6:Port_AsInput	24	static
../Core/Src/PortController.c:126:13:set_address	32	static
